[evergreendevelopmentnv.com/index.html]
[backblue.gif]
[fade.gif]
[index.html]
[evergreendevelopmentnv.com/wp-content/themes/yoo_lykka_wp/favicon.ico]
[evergreendevelopmentnv.com/wp-content/themes/yoo_lykka_wp/apple_touch_icon.png]
[evergreendevelopmentnv.com/wp-includes/css/dist/block-library/style.min75e4.css]
[evergreendevelopmentnv.com/wp-content/themes/yoo_lykka_wp/style75e4.css]
[evergreendevelopmentnv.com/wp-includes/js/jquery/jquery.minf43b.js]
[evergreendevelopmentnv.com/wp-includes/js/jquery/jquery-migrate.min5589.js]
[evergreendevelopmentnv.com/wp-content/plugins/widgetkit/cache/uikit2-4a4bae2375e4.js]
[evergreendevelopmentnv.com/wp-content/plugins/widgetkit/cache/wk-scripts-b47c3e5975e4.js]
[evergreendevelopmentnv.com/wp-json/wp/v2/pages/11.json]
[evergreendevelopmentnv.com/wp-json/index.html]
[evergreendevelopmentnv.com/xmlrpc0db0.php]
[evergreendevelopmentnv.com/wp-json/oembed/1.0/embed5011.json]
[evergreendevelopmentnv.com/wp-json/oembed/1.0/embedcce6]
[evergreendevelopmentnv.com/wp-content/uploads/2016/07/cropped-Favicon-32x32.jpg]
[evergreendevelopmentnv.com/wp-content/uploads/2016/07/cropped-Favicon-192x192.jpg]
[evergreendevelopmentnv.com/wp-content/uploads/2016/07/cropped-Favicon-180x180.jpg]
[evergreendevelopmentnv.com/wp-content/themes/yoo_lykka_wp/styles/green/css/theme.css]
[evergreendevelopmentnv.com/wp-content/themes/yoo_lykka_wp/css/custom.css]
[evergreendevelopmentnv.com/wp-content/themes/yoo_lykka_wp/warp/vendor/uikit/js/uikit.js]
[evergreendevelopmentnv.com/wp-content/themes/yoo_lykka_wp/warp/vendor/uikit/js/components/autocomplete.js]
[evergreendevelopmentnv.com/wp-content/themes/yoo_lykka_wp/warp/vendor/uikit/js/components/search.js]
[evergreendevelopmentnv.com/wp-content/themes/yoo_lykka_wp/warp/vendor/uikit/js/components/tooltip.js]
[evergreendevelopmentnv.com/wp-content/themes/yoo_lykka_wp/warp/js/social.js]
[evergreendevelopmentnv.com/wp-content/themes/yoo_lykka_wp/js/theme.js]
[evergreendevelopmentnv.com/wp-content/uploads/2015/11/logo.jpg]
[evergreendevelopmentnv.com/wp-content/uploads/2016/09/ColdwellLogo2.png]
[evergreendevelopmentnv.com/about-michigan-home-builders/index.html]
[evergreendevelopmentnv.com/category/blog/index.html]
[evergreendevelopmentnv.com/contact-us/index.html]
[evergreendevelopmentnv.com/home-construction-capabilities/index.html]
[evergreendevelopmentnv.com/wp-content/uploads/2015/12/logo_mini.jpg]
[evergreendevelopmentnv.com/wp-content/uploads/2016/12/slideshow-pic-5-w-overlay.jpg]
[evergreendevelopmentnv.com/wp-content/uploads/2016/09/photo-4.png]
[evergreendevelopmentnv.com/home-renovation-and-remodeling/index.html]
[evergreendevelopmentnv.com/custom-home-construction/index.html]
[evergreendevelopmentnv.com/infill-development/index.html]
[evergreendevelopmentnv.com/custom-home-building-experience/index.html]
[evergreendevelopmentnv.com/property-for-sale-in-michigan/index.html]
[evergreendevelopmentnv.com/wp-content/uploads/2016/09/photo-3.png]
[evergreendevelopmentnv.com/building-communities-we-serve/index.html]
[evergreendevelopmentnv.com/custom-home-communities-built/index.html]
[evergreendevelopmentnv.com/wp-content/uploads/2015/12/home_grid_house3.jpg]
[evergreendevelopmentnv.com/custom-homes-gallery/index.html]
[evergreendevelopmentnv.com/wp-content/uploads/2015/12/home_grid_house4.jpg]
[evergreendevelopmentnv.com/custom-home-resources/index.html]
[evergreendevelopmentnv.com/wp-content/uploads/2016/09/photo-1.png]
[evergreendevelopmentnv.com/wp-content/uploads/2016/09/photo-2.png]
[evergreendevelopmentnv.com/wp-content/uploads/2016/09/photo-22.png]
[evergreendevelopmentnv.com/wp-content/uploads/2016/09/photo-5.png]
[evergreendevelopmentnv.com/wp-content/uploads/2016/09/photo-6.png]
[evergreendevelopmentnv.com/wp-content/uploads/2016/09/photo-41.png]
[evergreendevelopmentnv.com/wp-content/uploads/2015/11/footer_logo.png]
[evergreendevelopmentnv.com/index.html]
[evergreendevelopmentnv.com/wp-includes/css/dist/block-library/style.min75e4.css]
[evergreendevelopmentnv.com/wp-content/themes/yoo_lykka_wp/style75e4.css]
[evergreendevelopmentnv.com/wp-content/themes/yoo_lykka_wp/less/uikit/images/green/panel_box_bg.jpg]
[evergreendevelopmentnv.com/wp-content/themes/yoo_lykka_wp/warp/vendor/uikit/fonts/fontawesome-webfont.woff2]
[evergreendevelopmentnv.com/wp-content/themes/yoo_lykka_wp/warp/vendor/uikit/fonts/fontawesome-webfont.woff]
[evergreendevelopmentnv.com/wp-content/themes/yoo_lykka_wp/warp/vendor/uikit/fonts/fontawesome-webfont.ttf]
[evergreendevelopmentnv.com/wp-content/themes/yoo_lykka_wp/less/uikit/fonts/lykka.eot]
[evergreendevelopmentnv.com/wp-content/themes/yoo_lykka_wp/less/uikit/fonts/lykkad41d.eot]
[evergreendevelopmentnv.com/wp-content/themes/yoo_lykka_wp/less/uikit/fonts/lykka.woff]
[evergreendevelopmentnv.com/wp-content/themes/yoo_lykka_wp/less/uikit/fonts/lykka.ttf]
[evergreendevelopmentnv.com/wp-content/themes/yoo_lykka_wp/styles/green/css/theme.css]
[evergreendevelopmentnv.com/wp-content/themes/yoo_lykka_wp/css/custom.css]
[evergreendevelopmentnv.com/wp-json/wp/v2/pages/78.json]
[evergreendevelopmentnv.com/wp-json/oembed/1.0/embed4083.json]
[evergreendevelopmentnv.com/wp-json/oembed/1.0/embed0fa2]
[evergreendevelopmentnv.com/wp-content/uploads/2015/12/cta_BG2.jpg]
[evergreendevelopmentnv.com/about-michigan-home-builders/index.html]
[evergreendevelopmentnv.com/wp-json/wp/v2/categories/5.json]
[evergreendevelopmentnv.com/category/blog/feed/index.html]
[evergreendevelopmentnv.com/category/blog/index.html]
[evergreendevelopmentnv.com/author/mthurber/index.html]
[evergreendevelopmentnv.com/blog/top-5-reasons-choose-evergreen-development-nv-llc/index.html]
[evergreendevelopmentnv.com/blog/yearly-home-maintenance-tips/index.html]
[evergreendevelopmentnv.com/wp-includes/css/dashicons.min75e4.css]
[evergreendevelopmentnv.com/wp-content/plugins/ninja-forms/assets/css/display-structure75e4.css]
[evergreendevelopmentnv.com/wp-includes/js/underscore.mind584.js]
[evergreendevelopmentnv.com/wp-includes/js/backbone.min91ce.js]
[evergreendevelopmentnv.com/wp-content/plugins/ninja-forms/assets/js/min/front-end-depsb4c7.js]
[evergreendevelopmentnv.com/wp-content/plugins/ninja-forms/assets/js/min/front-endb4c7.js]
[evergreendevelopmentnv.com/wp-json/wp/v2/pages/82.json]
[evergreendevelopmentnv.com/wp-json/oembed/1.0/embed1265.json]
[evergreendevelopmentnv.com/wp-json/oembed/1.0/embed0921]
[evergreendevelopmentnv.com/wp-content/uploads/2015/12/contact_BNR.jpg]
[evergreendevelopmentnv.com/contact-us/index.html]
[evergreendevelopmentnv.com/wp-json/wp/v2/pages/49.json]
[evergreendevelopmentnv.com/wp-json/oembed/1.0/embed7cf6.json]
[evergreendevelopmentnv.com/wp-json/oembed/1.0/embed8187]
[evergreendevelopmentnv.com/wp-content/uploads/2015/12/capabilities_bnr.jpg]
[evergreendevelopmentnv.com/wp-content/uploads/2016/06/item_1_capabilities_a.png]
[evergreendevelopmentnv.com/wp-content/uploads/2016/06/item_3_capabilities_a.png]
[evergreendevelopmentnv.com/wp-content/uploads/2016/06/item_2_capabilities_a.png]
[evergreendevelopmentnv.com/wp-content/uploads/2015/12/cta_BG3.jpg]
[evergreendevelopmentnv.com/home-construction-capabilities/index.html]
[evergreendevelopmentnv.com/wp-json/wp/v2/pages/123.json]
[evergreendevelopmentnv.com/wp-json/oembed/1.0/embeda28e.json]
[evergreendevelopmentnv.com/wp-json/oembed/1.0/embedd0b8]
[evergreendevelopmentnv.com/wp-content/uploads/2016/09/photo-2b.png]
[evergreendevelopmentnv.com/wp-content/uploads/2016/06/item_2_custom_homes.png]
[evergreendevelopmentnv.com/wp-content/uploads/2016/06/item_3_custom_homes.png]
[evergreendevelopmentnv.com/wp-content/uploads/2016/06/item_4_custom_homes.png]
[evergreendevelopmentnv.com/custom-home-construction/index.html]
[evergreendevelopmentnv.com/wp-json/wp/v2/pages/128.json]
[evergreendevelopmentnv.com/wp-json/oembed/1.0/embed6402.json]
[evergreendevelopmentnv.com/wp-json/oembed/1.0/embedf500]
[evergreendevelopmentnv.com/wp-content/uploads/2016/11/slideshow-pic-5-w-overlay.png]
[evergreendevelopmentnv.com/wp-content/uploads/2016/06/item_1_reno_and_remodel.png]
[evergreendevelopmentnv.com/wp-content/uploads/2016/06/item_2_reno_and_remodel.png]
[evergreendevelopmentnv.com/wp-content/uploads/2016/06/item_4_reno_and_remodel.png]
[evergreendevelopmentnv.com/wp-content/uploads/2016/06/item_5_reno_and_remodel.png]
[evergreendevelopmentnv.com/home-renovation-and-remodeling/index.html]
[evergreendevelopmentnv.com/wp-json/wp/v2/pages/126.json]
[evergreendevelopmentnv.com/wp-json/oembed/1.0/embede198.json]
[evergreendevelopmentnv.com/wp-json/oembed/1.0/embedb1b0]
[evergreendevelopmentnv.com/wp-content/uploads/2016/06/item_2_infill_development.png]
[evergreendevelopmentnv.com/wp-content/uploads/2016/06/item_1_infill_development.png]
[evergreendevelopmentnv.com/wp-content/uploads/2016/06/item_3_infill_development.png]
[evergreendevelopmentnv.com/infill-development/index.html]
[evergreendevelopmentnv.com/wp-json/wp/v2/pages/88.json]
[evergreendevelopmentnv.com/wp-json/oembed/1.0/embed531e.json]
[evergreendevelopmentnv.com/wp-json/oembed/1.0/embed0f9c]
[evergreendevelopmentnv.com/wp-content/uploads/2015/12/experience_us_BNR.jpg]
[evergreendevelopmentnv.com/wp-content/uploads/2016/06/item_1_experience.png]
[evergreendevelopmentnv.com/wp-content/uploads/2016/06/item_3_experience.png]
[evergreendevelopmentnv.com/wp-content/uploads/2016/09/photo-11.png]
[evergreendevelopmentnv.com/custom-home-building-experience/index.html]
[evergreendevelopmentnv.com/wp-json/wp/v2/pages/73.json]
[evergreendevelopmentnv.com/wp-json/oembed/1.0/embed9400.json]
[evergreendevelopmentnv.com/wp-json/oembed/1.0/embedb692]
[evergreendevelopmentnv.com/property-for-sale-in-michigan/index.html]
[evergreendevelopmentnv.com/wp-json/wp/v2/pages/136.json]
[evergreendevelopmentnv.com/wp-json/oembed/1.0/embed88c0.json]
[evergreendevelopmentnv.com/wp-json/oembed/1.0/embed2c48]
[evergreendevelopmentnv.com/wp-content/uploads/2016/01/michigan.png]
[evergreendevelopmentnv.com/wp-content/uploads/2016/06/Downtown-Northville-MI.png]
[evergreendevelopmentnv.com/wp-content/uploads/2016/06/City-of-novi-water-tower.png]
[evergreendevelopmentnv.com/wp-content/uploads/2016/06/Downtown-Plymouth.png]
[evergreendevelopmentnv.com/wp-content/uploads/2016/06/Downtown-South-Lyon.png]
[evergreendevelopmentnv.com/building-communities-we-serve/index.html]
[evergreendevelopmentnv.com/wp-json/wp/v2/pages/138.json]
[evergreendevelopmentnv.com/wp-json/oembed/1.0/embed0105.json]
[evergreendevelopmentnv.com/wp-json/oembed/1.0/embeda618]
[evergreendevelopmentnv.com/custom-home-communities-built/index.html]
[evergreendevelopmentnv.com/wp-json/wp/v2/pages/98.json]
[evergreendevelopmentnv.com/wp-json/oembed/1.0/embedc6eb.json]
[evergreendevelopmentnv.com/wp-json/oembed/1.0/embed9187]
[evergreendevelopmentnv.com/wp-content/uploads/2016/09/gallery_rendering_photo1.jpg]
[evergreendevelopmentnv.com/wp-content/uploads/2016/09/gallery_rendering_photo2.jpg]
[evergreendevelopmentnv.com/wp-content/uploads/2016/09/gallery_rendering_photo3.jpg]
[evergreendevelopmentnv.com/wp-content/uploads/2016/09/gallery_rendering_photo4.jpg]
[evergreendevelopmentnv.com/wp-content/uploads/2016/09/gallery_rendering_photo5.jpg]
[evergreendevelopmentnv.com/wp-content/uploads/2016/09/gallery_rendering_photo6.jpg]
[evergreendevelopmentnv.com/wp-content/uploads/2016/09/gallery_rendering_photo7.jpg]
[evergreendevelopmentnv.com/wp-content/uploads/2016/09/gallery_rendering_photo8.jpg]
[evergreendevelopmentnv.com/wp-content/uploads/2016/09/gallery_rendering_photo9.jpg]
[evergreendevelopmentnv.com/wp-content/uploads/2016/09/gallery_rendering_photo10.jpg]
[evergreendevelopmentnv.com/wp-content/uploads/2016/09/gallery_rendering_photo11.jpg]
[evergreendevelopmentnv.com/wp-content/uploads/2016/09/gallery_rendering_photo12.jpg]
[evergreendevelopmentnv.com/wp-content/uploads/2016/09/gallery_rendering_photo13.jpg]
[evergreendevelopmentnv.com/wp-content/uploads/2016/09/gallery_rendering_photo14.jpg]
[evergreendevelopmentnv.com/wp-content/uploads/2016/09/gallery_elevation_photo1.jpg]
[evergreendevelopmentnv.com/wp-content/uploads/2016/09/gallery_interior_photo1.jpg]
[evergreendevelopmentnv.com/wp-content/uploads/2016/09/gallery_interior_photo2.jpg]
[evergreendevelopmentnv.com/wp-content/uploads/2016/09/gallery_interior_photo3.jpg]
[evergreendevelopmentnv.com/wp-content/uploads/2016/09/gallery_interior_photo4.jpg]
[evergreendevelopmentnv.com/wp-content/uploads/2016/09/gallery_interior_photo5.jpg]
[evergreendevelopmentnv.com/wp-content/uploads/2016/09/gallery_interior_photo6.jpg]
[evergreendevelopmentnv.com/wp-content/uploads/2016/09/gallery_interior_photo7.jpg]
[evergreendevelopmentnv.com/wp-content/uploads/2016/09/gallery_interior_photo8.jpg]
[evergreendevelopmentnv.com/wp-content/uploads/2016/09/gallery_interior_photo9.jpg]
[evergreendevelopmentnv.com/wp-content/uploads/2016/09/gallery_interior_photo10.jpg]
[evergreendevelopmentnv.com/wp-content/uploads/2016/09/gallery_interior_photo11.jpg]
[evergreendevelopmentnv.com/wp-content/uploads/2016/09/gallery_interior_photo12.jpg]
[evergreendevelopmentnv.com/wp-content/uploads/2016/09/gallery_interior_photo13.jpg]
[evergreendevelopmentnv.com/wp-content/uploads/2016/09/gallery_interior_photo14.jpg]
[evergreendevelopmentnv.com/wp-content/uploads/2016/09/gallery_interior_photo15.jpg]
[evergreendevelopmentnv.com/wp-content/uploads/2016/09/gallery_interior_photo16.jpg]
[evergreendevelopmentnv.com/wp-content/uploads/2016/09/gallery_interior_photo17.jpg]
[evergreendevelopmentnv.com/wp-content/uploads/2016/09/gallery_interior_photo18.jpg]
[evergreendevelopmentnv.com/wp-content/uploads/2016/09/gallery_interior_photo19.jpg]
[evergreendevelopmentnv.com/wp-content/uploads/2016/09/gallery_interior_photo20.jpg]
[evergreendevelopmentnv.com/wp-content/uploads/2016/09/gallery_interior_photo21.jpg]
[evergreendevelopmentnv.com/wp-content/uploads/2016/09/gallery_interior_photo22.jpg]
[evergreendevelopmentnv.com/wp-content/uploads/2016/09/gallery_interior_photo23.jpg]
[evergreendevelopmentnv.com/wp-content/uploads/2016/09/gallery_interior_photo24.jpg]
[evergreendevelopmentnv.com/wp-content/uploads/2016/09/gallery_interior_photo25.jpg]
[evergreendevelopmentnv.com/wp-content/uploads/2016/09/gallery_interior_photo26.jpg]
[evergreendevelopmentnv.com/wp-content/uploads/2016/09/gallery_elevation_photo4.jpg]
[evergreendevelopmentnv.com/wp-content/uploads/2016/09/gallery_elevation_photo5.jpg]
[evergreendevelopmentnv.com/wp-content/uploads/2016/09/gallery_elevation_photo6.jpg]
[evergreendevelopmentnv.com/wp-content/uploads/2016/09/gallery_elevation_photo7.jpg]
[evergreendevelopmentnv.com/wp-content/uploads/2016/09/gallery_elevation_photo8.jpg]
[evergreendevelopmentnv.com/wp-content/uploads/2016/09/gallery_elevation_photo9.jpg]
[evergreendevelopmentnv.com/wp-content/uploads/2016/09/gallery_elevation_photo10.jpg]
[evergreendevelopmentnv.com/wp-content/uploads/2016/09/gallery_elevation_photo11.jpg]
[evergreendevelopmentnv.com/wp-content/uploads/2016/09/gallery_elevation_photo12.jpg]
[evergreendevelopmentnv.com/wp-content/uploads/2016/09/gallery_elevation_photo13.jpg]
[evergreendevelopmentnv.com/wp-content/uploads/2016/09/gallery_elevation_photo14.jpg]
[evergreendevelopmentnv.com/wp-content/uploads/2016/09/gallery_elevation_photo15.jpg]
[evergreendevelopmentnv.com/wp-content/uploads/2016/09/gallery_elevation_photo16.jpg]
[evergreendevelopmentnv.com/wp-content/uploads/2016/09/gallery_elevation_photo17.jpg]
[evergreendevelopmentnv.com/wp-content/uploads/2016/09/gallery_elevation_photo18.jpg]
[evergreendevelopmentnv.com/custom-homes-gallery/index.html]
[evergreendevelopmentnv.com/wp-json/wp/v2/pages/58.json]
[evergreendevelopmentnv.com/wp-json/oembed/1.0/embed7c44.json]
[evergreendevelopmentnv.com/wp-json/oembed/1.0/embed21e8]
[evergreendevelopmentnv.com/wp-content/uploads/2015/12/Evergreen_ResourceBNR.jpg]
[evergreendevelopmentnv.com/custom-home-resources/index.html]
[evergreendevelopmentnv.com/wp-content/themes/yoo_lykka_wp/less/uikit/fonts/lykka.svg]
[evergreendevelopmentnv.com/index7896.html]
[evergreendevelopmentnv.com/category/wp-content/uploads/2015/12/logo_mini.html]
[evergreendevelopmentnv.com/wp-json/wp/v2/posts/442.json]
[evergreendevelopmentnv.com/blog/top-5-reasons-choose-evergreen-development-nv-llc/feed/index.html]
[evergreendevelopmentnv.com/wp-json/oembed/1.0/embedf65a.json]
[evergreendevelopmentnv.com/wp-json/oembed/1.0/embed7be6]
[evergreendevelopmentnv.com/blog/top-5-reasons-choose-evergreen-development-nv-llc/index.html]
[evergreendevelopmentnv.com/wp-json/wp/v2/users/2.json]
[evergreendevelopmentnv.com/author/mthurber/index.html]
[evergreendevelopmentnv.com/author/mthurber/feed/index.html]
[evergreendevelopmentnv.com/wp-json/wp/v2/posts/431.json]
[evergreendevelopmentnv.com/wp-json/oembed/1.0/embed03bc.json]
[evergreendevelopmentnv.com/blog/yearly-home-maintenance-tips/feed/index.html]
[evergreendevelopmentnv.com/wp-json/oembed/1.0/embed6649]
[evergreendevelopmentnv.com/blog/yearly-home-maintenance-tips/index.html]
[evergreendevelopmentnv.com/wp-includes/fonts/dashicons7d4b.eot]
[evergreendevelopmentnv.com/wp-includes/fonts/dashicons7d4b.ttf]
[evergreendevelopmentnv.com/wp-includes/css/dashicons.min75e4.css]
[evergreendevelopmentnv.com/wp-content/plugins/ninja-forms/assets/img/help-info.png]
[evergreendevelopmentnv.com/wp-content/plugins/ninja-forms/assets/css/display-structure75e4.css]
[evergreendevelopmentnv.com/index287b.html]
[evergreendevelopmentnv.com/index0012.html]
[evergreendevelopmentnv.com/renovations-and-remodeling/index.html]
[evergreendevelopmentnv.com/infill-building/index.html]
[evergreendevelopmentnv.com/indexb8c4.html]
[evergreendevelopmentnv.com/index913e.html]
[evergreendevelopmentnv.com/index4ab3.html]
[evergreendevelopmentnv.com/index8ed7.html]
[evergreendevelopmentnv.com/index8cae.html]
[evergreendevelopmentnv.com/index9469.html]
[evergreendevelopmentnv.com/index1a26.html]
[evergreendevelopmentnv.com/indexb6ad.html]
[evergreendevelopmentnv.com/indexe9b4.html]
[evergreendevelopmentnv.com/index6c6e.html]
[evergreendevelopmentnv.com/blog/wp-content/uploads/2015/12/logo_mini.html]
[evergreendevelopmentnv.com/blog/top-5-reasons-choose-evergreen-development-nv-llc/trackback/index.html]
[evergreendevelopmentnv.com/author/wp-content/uploads/2015/12/logo_mini.html]
[evergreendevelopmentnv.com/index88c3.html]
[evergreendevelopmentnv.com/blog/yearly-home-maintenance-tips/trackback/index.html]
